TEST: 0 ACC: 0.807453416149
TEST: 1 ACC: 0.925465838509
TEST: 2 ACC: 0.888198757764
TEST: 3 ACC: 0.844720496894
TEST: 4 ACC: 0.770186335404
TEST: 5 ACC: 0.739130434783
TEST: 6 ACC: 0.857142857143
TEST: 7 ACC: 0.869565217391
TEST: 8 ACC: 0.888198757764
TEST: 9 ACC: 0.850931677019
TEST: 10 ACC: 0.869565217391
TEST: 11 ACC: 0.708074534161
TEST: 12 ACC: 0.844720496894
TEST: 13 ACC: 0.745341614907
TEST: 14 ACC: 0.757763975155
